c[?7l[2J[0mSeaBIOS (version rel-1.17.0-0-gb52ca86e094d-prebuilt.qemu.org)
Booting from ROM..
*** Booting Zephyr OS build v4.2.0 ***
Running TESTSUITE ring_buf_init
===================================================================
START - test_fresh_state
 PASS - test_fresh_state in 0.001 seconds
===================================================================
START - test_reinit_clears_state
 PASS - test_reinit_clears_state in 0.001 seconds
===================================================================
START - test_reinit_clears_state
 PASS - test_reinit_clears_state in 0.001 seconds
===================================================================
START - test_fresh_state
 PASS - test_fresh_state in 0.001 seconds
===================================================================
START - test_fresh_state
 PASS - test_fresh_state in 0.001 seconds
===================================================================
START - test_reinit_clears_state
 PASS - test_reinit_clears_state in 0.001 seconds
===================================================================
TESTSUITE ring_buf_init succeeded
Running TESTSUITE ring_buf_init
===================================================================
START - test_reinit_clears_state
 PASS - test_reinit_clears_state in 0.001 seconds
===================================================================
START - test_fresh_state
 PASS - test_fresh_state in 0.001 seconds
===================================================================
START - test_reinit_clears_state
 PASS - test_reinit_clears_state in 0.001 seconds
===================================================================
START - test_fresh_state
 PASS - test_fresh_state in 0.001 seconds
===================================================================
START - test_fresh_state
 PASS - test_fresh_state in 0.001 seconds
===================================================================
START - test_reinit_clears_state
 PASS - test_reinit_clears_state in 0.001 seconds
===================================================================
TESTSUITE ring_buf_init succeeded
Running TESTSUITE ring_buf_init
===================================================================
START - test_reinit_clears_state
 PASS - test_reinit_clears_state in 0.001 seconds
===================================================================
START - test_fresh_state
 PASS - test_fresh_state in 0.001 seconds
===================================================================
START - test_reinit_clears_state
 PASS - test_reinit_clears_state in 0.001 seconds
===================================================================
START - test_fresh_state
 PASS - test_fresh_state in 0.001 seconds
===================================================================
START - test_fresh_state
 PASS - test_fresh_state in 0.001 seconds
===================================================================
START - test_reinit_clears_state
 PASS - test_reinit_clears_state in 0.001 seconds
===================================================================
TESTSUITE ring_buf_init succeeded
Running TESTSUITE ring_buf_boundaries
===================================================================
START - test_pop_null_returns_einval
E: value pointer is NULL
 PASS - test_pop_null_returns_einval in 0.002 seconds
===================================================================
START - test_peek_does_not_consume
 PASS - test_peek_does_not_consume in 0.001 seconds
===================================================================
START - test_is_full_after_fill
 PASS - test_is_full_after_fill in 0.001 seconds
===================================================================
START - test_pop_null_returns_einval
E: value pointer is NULL
 PASS - test_pop_null_returns_einval in 0.002 seconds
===================================================================
START - test_is_full_after_fill
 PASS - test_is_full_after_fill in 0.001 seconds
===================================================================
START - test_peek_does_not_consume
 PASS - test_peek_does_not_consume in 0.001 seconds
===================================================================
START - test_pop_null_returns_einval
E: value pointer is NULL
 PASS - test_pop_null_returns_einval in 0.002 seconds
===================================================================
START - test_is_full_after_fill
 PASS - test_is_full_after_fill in 0.001 seconds
===================================================================
START - test_peek_does_not_consume
 PASS - test_peek_does_not_consume in 0.001 seconds
===================================================================
TESTSUITE ring_buf_boundaries succeeded
Running TESTSUITE ring_buf_boundaries
===================================================================
START - test_pop_null_returns_einval
E: value pointer is NULL
 PASS - test_pop_null_returns_einval in 0.002 seconds
===================================================================
START - test_peek_does_not_consume
 PASS - test_peek_does_not_consume in 0.001 seconds
===================================================================
START - test_is_full_after_fill
 PASS - test_is_full_after_fill in 0.001 seconds
===================================================================
START - test_peek_does_not_consume
 PASS - test_peek_does_not_consume in 0.001 seconds
===================================================================
START - test_pop_null_returns_einval
E: value pointer is NULL
 PASS - test_pop_null_returns_einval in 0.002 seconds
===================================================================
START - test_is_full_after_fill
 PASS - test_is_full_after_fill in 0.001 seconds
===================================================================
START - test_peek_does_not_consume
 PASS - test_peek_does_not_consume in 0.001 seconds
===================================================================
START - test_is_full_after_fill
 PASS - test_is_full_after_fill in 0.001 seconds
===================================================================
START - test_pop_null_returns_einval
E: value pointer is NULL
 PASS - test_pop_null_returns_einval in 0.002 seconds
===================================================================
TESTSUITE ring_buf_boundaries succeeded
Running TESTSUITE ring_buf_boundaries
===================================================================
START - test_is_full_after_fill
 PASS - test_is_full_after_fill in 0.001 seconds
===================================================================
START - test_pop_null_returns_einval
E: value pointer is NULL
 PASS - test_pop_null_returns_einval in 0.002 seconds
===================================================================
START - test_peek_does_not_consume
 PASS - test_peek_does_not_consume in 0.001 seconds
===================================================================
START - test_pop_null_returns_einval
E: value pointer is NULL
 PASS - test_pop_null_returns_einval in 0.002 seconds
===================================================================
START - test_peek_does_not_consume
 PASS - test_peek_does_not_consume in 0.001 seconds
===================================================================
START - test_is_full_after_fill
 PASS - test_is_full_after_fill in 0.001 seconds
===================================================================
START - test_is_full_after_fill
 PASS - test_is_full_after_fill in 0.001 seconds
===================================================================
START - test_peek_does_not_consume
 PASS - test_peek_does_not_consume in 0.001 seconds
===================================================================
START - test_pop_null_returns_einval
E: value pointer is NULL
 PASS - test_pop_null_returns_einval in 0.002 seconds
===================================================================
TESTSUITE ring_buf_boundaries succeeded
Running TESTSUITE ring_buf_push_pop
===================================================================
START - test_fifo_order
 PASS - test_fifo_order in 0.001 seconds
===================================================================
START - test_single_push_pop
 PASS - test_single_push_pop in 0.001 seconds
===================================================================
START - test_push_full_returns_enospc
W: buffer full (capacity=4)
 PASS - test_push_full_returns_enospc in 0.002 seconds
===================================================================
START - test_push_full_returns_enospc
W: buffer full (capacity=4)
 PASS - test_push_full_returns_enospc in 0.002 seconds
===================================================================
START - test_single_push_pop
 PASS - test_single_push_pop in 0.001 seconds
===================================================================
START - test_fifo_order
 PASS - test_fifo_order in 0.001 seconds
===================================================================
START - test_push_full_returns_enospc
W: buffer full (capacity=4)
 PASS - test_push_full_returns_enospc in 0.002 seconds
===================================================================
START - test_single_push_pop
 PASS - test_single_push_pop in 0.001 seconds
===================================================================
START - test_fifo_order
 PASS - test_fifo_order in 0.001 seconds
===================================================================
TESTSUITE ring_buf_push_pop succeeded
Running TESTSUITE ring_buf_push_pop
===================================================================
START - test_fifo_order
 PASS - test_fifo_order in 0.001 seconds
===================================================================
START - test_push_full_returns_enospc
W: buffer full (capacity=4)
 PASS - test_push_full_returns_enospc in 0.002 seconds
===================================================================
START - test_single_push_pop
 PASS - test_single_push_pop in 0.001 seconds
===================================================================
START - test_single_push_pop
 PASS - test_single_push_pop in 0.001 seconds
===================================================================
START - test_push_full_returns_enospc
W: buffer full (capacity=4)
 PASS - test_push_full_returns_enospc in 0.002 seconds
===================================================================
START - test_fifo_order
 PASS - test_fifo_order in 0.001 seconds
===================================================================
START - test_push_full_returns_enospc
W: buffer full (capacity=4)
 PASS - test_push_full_returns_enospc in 0.002 seconds
===================================================================
START - test_fifo_order
 PASS - test_fifo_order in 0.001 seconds
===================================================================
START - test_single_push_pop
 PASS - test_single_push_pop in 0.001 seconds
===================================================================
TESTSUITE ring_buf_push_pop succeeded
Running TESTSUITE ring_buf_push_pop
===================================================================
START - test_push_full_returns_enospc
W: buffer full (capacity=4)
 PASS - test_push_full_returns_enospc in 0.002 seconds
===================================================================
START - test_single_push_pop
 PASS - test_single_push_pop in 0.001 seconds
===================================================================
START - test_fifo_order
 PASS - test_fifo_order in 0.001 seconds
===================================================================
START - test_push_full_returns_enospc
W: buffer full (capacity=4)
 PASS - test_push_full_returns_enospc in 0.002 seconds
===================================================================
START - test_fifo_order
 PASS - test_fifo_order in 0.001 seconds
===================================================================
START - test_single_push_pop
 PASS - test_single_push_pop in 0.001 seconds
===================================================================
START - test_single_push_pop
 PASS - test_single_push_pop in 0.001 seconds
===================================================================
START - test_push_full_returns_enospc
W: buffer full (capacity=4)
 PASS - test_push_full_returns_enospc in 0.002 seconds
===================================================================
START - test_fifo_order
 PASS - test_fifo_order in 0.001 seconds
===================================================================
TESTSUITE ring_buf_push_pop succeeded

------ TESTSUITE SUMMARY START ------

SUITE PASS - 100.00% [ring_buf_boundaries]: pass = 3, fail = 0, skip = 0, total = 3 duration = 0.004 seconds
 - PASS - [ring_buf_boundaries.test_is_full_after_fill] duration = 0.001 seconds
 - PASS - [ring_buf_boundaries.test_peek_does_not_consume] duration = 0.001 seconds
 - PASS - [ring_buf_boundaries.test_pop_null_returns_einval] duration = 0.002 seconds

SUITE PASS - 100.00% [ring_buf_init]: pass = 2, fail = 0, skip = 0, total = 2 duration = 0.002 seconds
 - PASS - [ring_buf_init.test_fresh_state] duration = 0.001 seconds
 - PASS - [ring_buf_init.test_reinit_clears_state] duration = 0.001 seconds

SUITE PASS - 100.00% [ring_buf_push_pop]: pass = 3, fail = 0, skip = 0, total = 3 duration = 0.004 seconds
 - PASS - [ring_buf_push_pop.test_fifo_order] duration = 0.001 seconds
 - PASS - [ring_buf_push_pop.test_push_full_returns_enospc] duration = 0.002 seconds
 - PASS - [ring_buf_push_pop.test_single_push_pop] duration = 0.001 seconds

------ TESTSUITE SUMMARY END ------

===================================================================
RunID: a36d6974a04c63d3bf3c239fa07ae70f
PROJECT EXECUTION SUCCESSFUL

GCOV_COVERAGE_DUMP_START
*C:\Users\luchi\Github-Repository\zephyr_workspace\zephyr-course\twister-out\qemu_x86_atom\zephyr\homework.unit.ring_buf\zephyr/kernel/CMakeFiles/kernel.dir/banner.c.gcda<616463672a323242dba60f07e03337e3000000010c000000c7983045837fbe633eb2bbc00000a1011000000001000000000000000100000000000000
